/opt/homebrew/Cellar/python@3.14/3.14.2_1/Frameworks/Python.framework/Versions/3.14/lib/python3.14/multiprocessing/resource_tracker.py:396: UserWarning: resource_tracker: There appear to be 6 leaked semaphore objects to clean up at shutdown: {'/mp-rk07hhks', '/mp-0qmcglj9', '/mp-cjydoli6', '/mp-jhj951c8', '/mp-ci3mwr8v', '/mp-52wnq_vv'}
  warnings.warn(
