{
  "version": "1.5.0",
  "plugins_used": [
    {
      "name": "ArtifactoryDetector"
    },
    {
      "name": "AWSKeyDetector"
    },
    {
      "name": "AzureStorageKeyDetector"
    },
    {
      "name": "Base64HighEntropyString",
      "limit": 4.5
    },
    {
      "name": "BasicAuthDetector"
    },
    {
      "name": "CloudantDetector"
    },
    {
      "name": "DiscordBotTokenDetector"
    },
    {
      "name": "GitHubTokenDetector"
    },
    {
      "name": "GitLabTokenDetector"
    },
    {
      "name": "HexHighEntropyString",
      "limit": 3.0
    },
    {
      "name": "IbmCloudIamDetector"
    },
    {
      "name": "IbmCosHmacDetector"
    },
    {
      "name": "IPPublicDetector"
    },
    {
      "name": "JwtTokenDetector"
    },
    {
      "name": "KeywordDetector",
      "keyword_exclude": ""
    },
    {
      "name": "MailchimpDetector"
    },
    {
      "name": "NpmDetector"
    },
    {
      "name": "OpenAIDetector"
    },
    {
      "name": "PrivateKeyDetector"
    },
    {
      "name": "PypiTokenDetector"
    },
    {
      "name": "SendGridDetector"
    },
    {
      "name": "SlackDetector"
    },
    {
      "name": "SoftlayerDetector"
    },
    {
      "name": "SquareOAuthDetector"
    },
    {
      "name": "StripeDetector"
    },
    {
      "name": "TelegramBotTokenDetector"
    },
    {
      "name": "TwilioKeyDetector"
    }
  ],
  "filters_used": [
    {
      "path": "detect_secrets.filters.allowlist.is_line_allowlisted"
    },
    {
      "path": "detect_secrets.filters.common.is_ignored_due_to_verification_policies",
      "min_level": 2
    },
    {
      "path": "detect_secrets.filters.heuristic.is_indirect_reference"
    },
    {
      "path": "detect_secrets.filters.heuristic.is_likely_id_string"
    },
    {
      "path": "detect_secrets.filters.heuristic.is_lock_file"
    },
    {
      "path": "detect_secrets.filters.heuristic.is_not_alphanumeric_string"
    },
    {
      "path": "detect_secrets.filters.heuristic.is_potential_uuid"
    },
    {
      "path": "detect_secrets.filters.heuristic.is_prefixed_with_dollar_sign"
    },
    {
      "path": "detect_secrets.filters.heuristic.is_sequential_string"
    },
    {
      "path": "detect_secrets.filters.heuristic.is_swagger_file"
    },
    {
      "path": "detect_secrets.filters.heuristic.is_templated_secret"
    },
    {
      "path": "detect_secrets.filters.regex.should_exclude_file",
      "pattern": [
        "node_modules|\\.git|__pycache__|\\.pytest_cache|\\.venv|venv|env|dist|build|\\.next|coverage|\\.secrets\\.baseline"
      ]
    }
  ],
  "results": {
    ".opencode/PHASE_6_5_COMPLETION_SUMMARY.md": [
      {
        "type": "Secret Keyword",
        "filename": ".opencode/PHASE_6_5_COMPLETION_SUMMARY.md",
        "hashed_secret": "5baa61e4c9b93f3f0682250b6cf8331b7ee68fd8",
        "is_verified": false,
        "line_number": 201
      },
      {
        "type": "Secret Keyword",
        "filename": ".opencode/PHASE_6_5_COMPLETION_SUMMARY.md",
        "hashed_secret": "7288edd0fc3ffcbe93a0cf06e3568e28521687bc",
        "is_verified": false,
        "line_number": 282
      }
    ],
    ".opencode/plans/API_KEYS_TEMPLATE.md": [
      {
        "type": "Basic Auth Credentials",
        "filename": ".opencode/plans/API_KEYS_TEMPLATE.md",
        "hashed_secret": "5baa61e4c9b93f3f0682250b6cf8331b7ee68fd8",
        "is_verified": false,
        "line_number": 222
      }
    ],
    ".opencode/plans/FREE_API_REGISTRATION_GUIDE.md": [
      {
        "type": "Basic Auth Credentials",
        "filename": ".opencode/plans/FREE_API_REGISTRATION_GUIDE.md",
        "hashed_secret": "5baa61e4c9b93f3f0682250b6cf8331b7ee68fd8",
        "is_verified": false,
        "line_number": 477
      }
    ],
    ".opencode/plans/PHASE_0_1_IMPLEMENTATION.md": [
      {
        "type": "Basic Auth Credentials",
        "filename": ".opencode/plans/PHASE_0_1_IMPLEMENTATION.md",
        "hashed_secret": "5baa61e4c9b93f3f0682250b6cf8331b7ee68fd8",
        "is_verified": false,
        "line_number": 938
      }
    ],
    "apps/backend/src/brokers/tests/test_broker_integration.py": [
      {
        "type": "Secret Keyword",
        "filename": "apps/backend/src/brokers/tests/test_broker_integration.py",
        "hashed_secret": "767ef7376d44bb6e52b390ddcd12c1cb1b3902a4",
        "is_verified": false,
        "line_number": 44
      },
      {
        "type": "Secret Keyword",
        "filename": "apps/backend/src/brokers/tests/test_broker_integration.py",
        "hashed_secret": "d699c29d3c1c8004fc2ba86ad4d88cc643afdbd6",
        "is_verified": false,
        "line_number": 45
      },
      {
        "type": "Secret Keyword",
        "filename": "apps/backend/src/brokers/tests/test_broker_integration.py",
        "hashed_secret": "c5b62ea9ada21743c6f353e4a45bc8648b377006",
        "is_verified": false,
        "line_number": 65
      },
      {
        "type": "Secret Keyword",
        "filename": "apps/backend/src/brokers/tests/test_broker_integration.py",
        "hashed_secret": "7fa4bc5b5ebfef1e71e688ab811fa1dc86ff7803",
        "is_verified": false,
        "line_number": 66
      }
    ],
    "apps/backend/src/investments/management/commands/test_sec_edgar.py": [
      {
        "type": "Secret Keyword",
        "filename": "apps/backend/src/investments/management/commands/test_sec_edgar.py",
        "hashed_secret": "61c9b2b17db77a27841bbeeabff923448b0f6388",
        "is_verified": false,
        "line_number": 73
      }
    ],
    "apps/backend/src/tests/conftest.py": [
      {
        "type": "Secret Keyword",
        "filename": "apps/backend/src/tests/conftest.py",
        "hashed_secret": "1c58bd92003bbaa0538e249fff6ee19a270dec5f",
        "is_verified": false,
        "line_number": 45
      }
    ],
    "apps/backend/src/tests/test_ai_news_service.py": [
      {
        "type": "Secret Keyword",
        "filename": "apps/backend/src/tests/test_ai_news_service.py",
        "hashed_secret": "2e7a7ee14caebf378fc32d6cf6f557f347c96773",
        "is_verified": false,
        "line_number": 40
      }
    ],
    "apps/backend/src/tests/test_scrapers.py": [
      {
        "type": "Secret Keyword",
        "filename": "apps/backend/src/tests/test_scrapers.py",
        "hashed_secret": "00942f4668670f34c5943cf52c7ef3139fe2b8d6",
        "is_verified": false,
        "line_number": 150
      }
    ],
    "apps/backend/src/tests/test_token_race_conditions.py": [
      {
        "type": "Secret Keyword",
        "filename": "apps/backend/src/tests/test_token_race_conditions.py",
        "hashed_secret": "1c58bd92003bbaa0538e249fff6ee19a270dec5f",
        "is_verified": false,
        "line_number": 34
      }
    ],
    "apps/backend/src/utils/services/llm_advisor/ai_advisor.py": [
      {
        "type": "Secret Keyword",
        "filename": "apps/backend/src/utils/services/llm_advisor/ai_advisor.py",
        "hashed_secret": "829c3804401b0727f70f73d4415e162400cbe57b",
        "is_verified": false,
        "line_number": 18
      }
    ],
    "docs/archive/communications/KAREN_CHARO_TASK_STATUS.md": [
      {
        "type": "Basic Auth Credentials",
        "filename": "docs/archive/communications/KAREN_CHARO_TASK_STATUS.md",
        "hashed_secret": "9d553536aaeaed6c542c3605a61aa4fc4b688470",
        "is_verified": false,
        "line_number": 39
      }
    ],
    "docs/archive/devops/MONITOR_STATUS_REPORT_20260131.md": [
      {
        "type": "Basic Auth Credentials",
        "filename": "docs/archive/devops/MONITOR_STATUS_REPORT_20260131.md",
        "hashed_secret": "9d553536aaeaed6c542c3605a61aa4fc4b688470",
        "is_verified": false,
        "line_number": 80
      }
    ],
    "docs/design/PHASE_1_COMPONENT_SPECS.md": [
      {
        "type": "Secret Keyword",
        "filename": "docs/design/PHASE_1_COMPONENT_SPECS.md",
        "hashed_secret": "c426e021ec7a9f8cec960cb0ceeb849ba339f656",
        "is_verified": false,
        "line_number": 160
      }
    ],
    "docs/migration/PHASE0_PROGRESS_SUMMARY.md": [
      {
        "type": "Secret Keyword",
        "filename": "docs/migration/PHASE0_PROGRESS_SUMMARY.md",
        "hashed_secret": "cf4a956e75901c220c0f5fbaec41987fc6177345",
        "is_verified": false,
        "line_number": 126
      }
    ],
    "docs/references/ONBOARDING.md": [
      {
        "type": "Basic Auth Credentials",
        "filename": "docs/references/ONBOARDING.md",
        "hashed_secret": "5baa61e4c9b93f3f0682250b6cf8331b7ee68fd8",
        "is_verified": false,
        "line_number": 74
      }
    ],
    "docs/security/API_SECURITY_TESTING_GUIDE.md": [
      {
        "type": "Secret Keyword",
        "filename": "docs/security/API_SECURITY_TESTING_GUIDE.md",
        "hashed_secret": "a94a8fe5ccb19ba61c4c0873d391e987982fbbd3",
        "is_verified": false,
        "line_number": 60
      },
      {
        "type": "Secret Keyword",
        "filename": "docs/security/API_SECURITY_TESTING_GUIDE.md",
        "hashed_secret": "a4b48a81cdab1e1a5dd37907d6c85ca1c61ddc7c",
        "is_verified": false,
        "line_number": 386
      }
    ],
    "docs/security/PHASE_1_SECURITY_AUDIT_REPORT.md": [
      {
        "type": "Secret Keyword",
        "filename": "docs/security/PHASE_1_SECURITY_AUDIT_REPORT.md",
        "hashed_secret": "1d278c7a5057bac15828468f030f52f07caf70bb",
        "is_verified": false,
        "line_number": 449
      }
    ],
    "docs/security/SEC-2026-001_FOLLOW_UP.md": [
      {
        "type": "Telegram Bot Token",
        "filename": "docs/security/SEC-2026-001_FOLLOW_UP.md",
        "hashed_secret": "1f1f01a0bf0d7ebf85867a80cfc195e72ec4d6b8",
        "is_verified": true,
        "line_number": 19
      }
    ],
    "docs/security/reports/trivy_backend_20260131_212718.json": [
      {
        "type": "Hex High Entropy String",
        "filename": "docs/security/reports/trivy_backend_20260131_212718.json",
        "hashed_secret": "479adeb8eb62884ae0a2d8de6b5ea3fdecf31580",
        "is_verified": false,
        "line_number": 303
      },
      {
        "type": "Hex High Entropy String",
        "filename": "docs/security/reports/trivy_backend_20260131_212718.json",
        "hashed_secret": "cb3786b94f7ce5261187fe534d0270bab1d2fda0",
        "is_verified": false,
        "line_number": 390
      },
      {
        "type": "Hex High Entropy String",
        "filename": "docs/security/reports/trivy_backend_20260131_212718.json",
        "hashed_secret": "1d8409a537ba71c98832c3c65138116c39839977",
        "is_verified": false,
        "line_number": 614
      },
      {
        "type": "Hex High Entropy String",
        "filename": "docs/security/reports/trivy_backend_20260131_212718.json",
        "hashed_secret": "ccdcdabba12990021e7d101e10cbd8d5e88141c6",
        "is_verified": false,
        "line_number": 670
      },
      {
        "type": "Hex High Entropy String",
        "filename": "docs/security/reports/trivy_backend_20260131_212718.json",
        "hashed_secret": "7522c7238fa8788a3af44d43283f004b37aa7658",
        "is_verified": false,
        "line_number": 827
      },
      {
        "type": "Hex High Entropy String",
        "filename": "docs/security/reports/trivy_backend_20260131_212718.json",
        "hashed_secret": "870dc846904f776070baacefff39b9a5128536e0",
        "is_verified": false,
        "line_number": 1386
      },
      {
        "type": "Hex High Entropy String",
        "filename": "docs/security/reports/trivy_backend_20260131_212718.json",
        "hashed_secret": "858060cda441d9f34c55718e6f5b98c87840a108",
        "is_verified": false,
        "line_number": 1454
      },
      {
        "type": "Hex High Entropy String",
        "filename": "docs/security/reports/trivy_backend_20260131_212718.json",
        "hashed_secret": "003b3b8f2bc358497ac9b1a4213abc4adbd1dd95",
        "is_verified": false,
        "line_number": 1653
      },
      {
        "type": "Hex High Entropy String",
        "filename": "docs/security/reports/trivy_backend_20260131_212718.json",
        "hashed_secret": "ac6e1c3a11df36d68eef8f7fa8c6d99232b6046b",
        "is_verified": false,
        "line_number": 2051
      },
      {
        "type": "Hex High Entropy String",
        "filename": "docs/security/reports/trivy_backend_20260131_212718.json",
        "hashed_secret": "58ebe6f07a82d9af3cb486d21da8279a408e1c9e",
        "is_verified": false,
        "line_number": 2208
      },
      {
        "type": "Hex High Entropy String",
        "filename": "docs/security/reports/trivy_backend_20260131_212718.json",
        "hashed_secret": "cbf9bf078a153071493748d4b4c73901ad046a5f",
        "is_verified": false,
        "line_number": 2249
      },
      {
        "type": "Hex High Entropy String",
        "filename": "docs/security/reports/trivy_backend_20260131_212718.json",
        "hashed_secret": "8807ebe594d41a552f6b7996f6f867462ab79509",
        "is_verified": false,
        "line_number": 2348
      },
      {
        "type": "Hex High Entropy String",
        "filename": "docs/security/reports/trivy_backend_20260131_212718.json",
        "hashed_secret": "4c0042e68dd2dd1cbe9b748962d23f2e5eda8d75",
        "is_verified": false,
        "line_number": 2444
      },
      {
        "type": "Hex High Entropy String",
        "filename": "docs/security/reports/trivy_backend_20260131_212718.json",
        "hashed_secret": "9536ebd787050c5138d2a649371a4f917082d261",
        "is_verified": false,
        "line_number": 2620
      },
      {
        "type": "Hex High Entropy String",
        "filename": "docs/security/reports/trivy_backend_20260131_212718.json",
        "hashed_secret": "aec7b5df497acfb6ca705036f2a10720a2438442",
        "is_verified": false,
        "line_number": 2722
      },
      {
        "type": "Hex High Entropy String",
        "filename": "docs/security/reports/trivy_backend_20260131_212718.json",
        "hashed_secret": "debd3b747efeb068cfbdb41047c4ddb115c9d7ed",
        "is_verified": false,
        "line_number": 2758
      },
      {
        "type": "Hex High Entropy String",
        "filename": "docs/security/reports/trivy_backend_20260131_212718.json",
        "hashed_secret": "6b7d8f56c88c705a3d350e9547056805654032c9",
        "is_verified": false,
        "line_number": 2848
      },
      {
        "type": "Hex High Entropy String",
        "filename": "docs/security/reports/trivy_backend_20260131_212718.json",
        "hashed_secret": "e3c1c66ca479934afae61ea5d4c4432d2cf214c4",
        "is_verified": false,
        "line_number": 2908
      },
      {
        "type": "Hex High Entropy String",
        "filename": "docs/security/reports/trivy_backend_20260131_212718.json",
        "hashed_secret": "e14975ce5dc0b8c2172334d15baf1e737bbd7bea",
        "is_verified": false,
        "line_number": 2938
      },
      {
        "type": "Hex High Entropy String",
        "filename": "docs/security/reports/trivy_backend_20260131_212718.json",
        "hashed_secret": "126c7489863f9542ed2bc757e880b0e4165056b7",
        "is_verified": false,
        "line_number": 2982
      },
      {
        "type": "Hex High Entropy String",
        "filename": "docs/security/reports/trivy_backend_20260131_212718.json",
        "hashed_secret": "b0472e98a3c3e2a79a01a89ef969101a754db293",
        "is_verified": false,
        "line_number": 3015
      },
      {
        "type": "Hex High Entropy String",
        "filename": "docs/security/reports/trivy_backend_20260131_212718.json",
        "hashed_secret": "cc42e00be34c574032b1615803ad7cf6feca79ee",
        "is_verified": false,
        "line_number": 3055
      },
      {
        "type": "Hex High Entropy String",
        "filename": "docs/security/reports/trivy_backend_20260131_212718.json",
        "hashed_secret": "d3fdee9152543ded13685e70c9bacc87e0d93a26",
        "is_verified": false,
        "line_number": 3146
      },
      {
        "type": "Hex High Entropy String",
        "filename": "docs/security/reports/trivy_backend_20260131_212718.json",
        "hashed_secret": "6815fa9a30c29c5648df849eba024cbb03eac979",
        "is_verified": false,
        "line_number": 3223
      },
      {
        "type": "Hex High Entropy String",
        "filename": "docs/security/reports/trivy_backend_20260131_212718.json",
        "hashed_secret": "ad4ec0eadb615acec02822bac87702c745811fee",
        "is_verified": false,
        "line_number": 3265
      },
      {
        "type": "Hex High Entropy String",
        "filename": "docs/security/reports/trivy_backend_20260131_212718.json",
        "hashed_secret": "a1943880eb5368200bd71f5e55853342cb1ff1d6",
        "is_verified": false,
        "line_number": 3357
      },
      {
        "type": "Hex High Entropy String",
        "filename": "docs/security/reports/trivy_backend_20260131_212718.json",
        "hashed_secret": "031a0ba35fc20a5a7eb028190cb2c6fef7a97a3a",
        "is_verified": false,
        "line_number": 3407
      },
      {
        "type": "Hex High Entropy String",
        "filename": "docs/security/reports/trivy_backend_20260131_212718.json",
        "hashed_secret": "f897e7dd4e6892144c45f4b4c6b89acebc17b177",
        "is_verified": false,
        "line_number": 3443
      },
      {
        "type": "Hex High Entropy String",
        "filename": "docs/security/reports/trivy_backend_20260131_212718.json",
        "hashed_secret": "4125809e41ee635df0e0fbd5096867d0087fcf73",
        "is_verified": false,
        "line_number": 3536
      },
      {
        "type": "Hex High Entropy String",
        "filename": "docs/security/reports/trivy_backend_20260131_212718.json",
        "hashed_secret": "292825c37fc8afcf97657485563eca9b87acf7bd",
        "is_verified": false,
        "line_number": 3882
      },
      {
        "type": "Hex High Entropy String",
        "filename": "docs/security/reports/trivy_backend_20260131_212718.json",
        "hashed_secret": "52a874610c70d98b9d2d7c340fe929af977550e9",
        "is_verified": false,
        "line_number": 3923
      },
      {
        "type": "Hex High Entropy String",
        "filename": "docs/security/reports/trivy_backend_20260131_212718.json",
        "hashed_secret": "0436f5afbf710dcb429cd94c6d42f4d5f183aacc",
        "is_verified": false,
        "line_number": 3964
      },
      {
        "type": "Hex High Entropy String",
        "filename": "docs/security/reports/trivy_backend_20260131_212718.json",
        "hashed_secret": "bb332a7734422de9389edba1c4e1de62e26c321d",
        "is_verified": false,
        "line_number": 4046
      },
      {
        "type": "Hex High Entropy String",
        "filename": "docs/security/reports/trivy_backend_20260131_212718.json",
        "hashed_secret": "784ac086c70918f324385ab64ddb59be7f988367",
        "is_verified": false,
        "line_number": 4103
      },
      {
        "type": "Hex High Entropy String",
        "filename": "docs/security/reports/trivy_backend_20260131_212718.json",
        "hashed_secret": "33a3ffbc4408600899f3ffbdd61d05a969056aea",
        "is_verified": false,
        "line_number": 4149
      },
      {
        "type": "Hex High Entropy String",
        "filename": "docs/security/reports/trivy_backend_20260131_212718.json",
        "hashed_secret": "c14ec448e759d3219b8c9b4203d63980d57fdcf7",
        "is_verified": false,
        "line_number": 4183
      },
      {
        "type": "Hex High Entropy String",
        "filename": "docs/security/reports/trivy_backend_20260131_212718.json",
        "hashed_secret": "bf82e2af3cc320d81d763f7f5fc8d8ea72f7aa34",
        "is_verified": false,
        "line_number": 4223
      },
      {
        "type": "Hex High Entropy String",
        "filename": "docs/security/reports/trivy_backend_20260131_212718.json",
        "hashed_secret": "a0bf9e7b2e688293ee43c47231dc8f532c3d04b4",
        "is_verified": false,
        "line_number": 4254
      },
      {
        "type": "Hex High Entropy String",
        "filename": "docs/security/reports/trivy_backend_20260131_212718.json",
        "hashed_secret": "7fecfa7cb9a8bbff33992b87f3bfc6bbe1b5205c",
        "is_verified": false,
        "line_number": 4294
      },
      {
        "type": "Hex High Entropy String",
        "filename": "docs/security/reports/trivy_backend_20260131_212718.json",
        "hashed_secret": "c2a70bb04990737bc9bbdb4a1fa4dd2e3a0da55a",
        "is_verified": false,
        "line_number": 4416
      },
      {
        "type": "Hex High Entropy String",
        "filename": "docs/security/reports/trivy_backend_20260131_212718.json",
        "hashed_secret": "c4e8954eff18d3284a494ffd80d66bf4b4ec4d2c",
        "is_verified": false,
        "line_number": 4455
      },
      {
        "type": "Hex High Entropy String",
        "filename": "docs/security/reports/trivy_backend_20260131_212718.json",
        "hashed_secret": "b4d12367769c5091c956201bebf5e1673ba212fb",
        "is_verified": false,
        "line_number": 4501
      },
      {
        "type": "Hex High Entropy String",
        "filename": "docs/security/reports/trivy_backend_20260131_212718.json",
        "hashed_secret": "92880ecc8e3c594193efb4511f4d3ec2fbc7d858",
        "is_verified": false,
        "line_number": 4573
      },
      {
        "type": "Hex High Entropy String",
        "filename": "docs/security/reports/trivy_backend_20260131_212718.json",
        "hashed_secret": "eb4d5816fe686452ae42813c89cda4c51f1ffe46",
        "is_verified": false,
        "line_number": 4645
      },
      {
        "type": "Hex High Entropy String",
        "filename": "docs/security/reports/trivy_backend_20260131_212718.json",
        "hashed_secret": "30eef43caa6b7caeb95f787e4ffea373a486665e",
        "is_verified": false,
        "line_number": 4688
      },
      {
        "type": "Hex High Entropy String",
        "filename": "docs/security/reports/trivy_backend_20260131_212718.json",
        "hashed_secret": "e5534943d3481537e26401341e6a776f11ce2ed7",
        "is_verified": false,
        "line_number": 4723
      },
      {
        "type": "Hex High Entropy String",
        "filename": "docs/security/reports/trivy_backend_20260131_212718.json",
        "hashed_secret": "c34424149cb7563bdf6106df610dfc9a29236067",
        "is_verified": false,
        "line_number": 4776
      },
      {
        "type": "Hex High Entropy String",
        "filename": "docs/security/reports/trivy_backend_20260131_212718.json",
        "hashed_secret": "6da28b921d1dbb2cf410f348688edb3430f6d5af",
        "is_verified": false,
        "line_number": 4832
      },
      {
        "type": "Hex High Entropy String",
        "filename": "docs/security/reports/trivy_backend_20260131_212718.json",
        "hashed_secret": "e750dba9af0631c4536530249af0c1343ce7ed73",
        "is_verified": false,
        "line_number": 4894
      },
      {
        "type": "Hex High Entropy String",
        "filename": "docs/security/reports/trivy_backend_20260131_212718.json",
        "hashed_secret": "e62276efa8c5f36a3efcd31bf159d28b89e7a5ca",
        "is_verified": false,
        "line_number": 4982
      },
      {
        "type": "Hex High Entropy String",
        "filename": "docs/security/reports/trivy_backend_20260131_212718.json",
        "hashed_secret": "5022ebe5f71babea30a8e5907a208812ff08865f",
        "is_verified": false,
        "line_number": 5026
      },
      {
        "type": "Hex High Entropy String",
        "filename": "docs/security/reports/trivy_backend_20260131_212718.json",
        "hashed_secret": "59cb3e72937b8ddce6258d1f5a1d6c1e6fcf2b4b",
        "is_verified": false,
        "line_number": 5114
      },
      {
        "type": "Hex High Entropy String",
        "filename": "docs/security/reports/trivy_backend_20260131_212718.json",
        "hashed_secret": "4170e8273cd5856f1dd0def9f6646cb2fe30dd45",
        "is_verified": false,
        "line_number": 5160
      },
      {
        "type": "Base64 High Entropy String",
        "filename": "docs/security/reports/trivy_backend_20260131_212718.json",
        "hashed_secret": "079cdea81041807cb44d0d33e3e507c7616db591",
        "is_verified": false,
        "line_number": 5188
      },
      {
        "type": "Hex High Entropy String",
        "filename": "docs/security/reports/trivy_backend_20260131_212718.json",
        "hashed_secret": "135e48b6ca545d843c34867020d566f81318b0b5",
        "is_verified": false,
        "line_number": 5200
      },
      {
        "type": "Hex High Entropy String",
        "filename": "docs/security/reports/trivy_backend_20260131_212718.json",
        "hashed_secret": "9b4c1960ce544e552be73143bbe76c5ca704d930",
        "is_verified": false,
        "line_number": 5244
      },
      {
        "type": "Hex High Entropy String",
        "filename": "docs/security/reports/trivy_backend_20260131_212718.json",
        "hashed_secret": "0d76eec5d255505a7174277c708d045bcb6640e5",
        "is_verified": false,
        "line_number": 5292
      },
      {
        "type": "Hex High Entropy String",
        "filename": "docs/security/reports/trivy_backend_20260131_212718.json",
        "hashed_secret": "c3f5a0ed78d77c3154126e951201d30d4e8ca6cb",
        "is_verified": false,
        "line_number": 5381
      },
      {
        "type": "Hex High Entropy String",
        "filename": "docs/security/reports/trivy_backend_20260131_212718.json",
        "hashed_secret": "92871aa9a5a843c198bb4732b57836bd63b5ba37",
        "is_verified": false,
        "line_number": 5439
      },
      {
        "type": "Hex High Entropy String",
        "filename": "docs/security/reports/trivy_backend_20260131_212718.json",
        "hashed_secret": "faa654c25b4fca2c4a1fa563c461fde8f0646c6f",
        "is_verified": false,
        "line_number": 5644
      },
      {
        "type": "Hex High Entropy String",
        "filename": "docs/security/reports/trivy_backend_20260131_212718.json",
        "hashed_secret": "566eaa46f0d4e2b4af679218c1207c20b6704435",
        "is_verified": false,
        "line_number": 5698
      },
      {
        "type": "Hex High Entropy String",
        "filename": "docs/security/reports/trivy_backend_20260131_212718.json",
        "hashed_secret": "d5d4711d9398e3fd6d8885f5ead986b3f2039d52",
        "is_verified": false,
        "line_number": 5738
      },
      {
        "type": "Hex High Entropy String",
        "filename": "docs/security/reports/trivy_backend_20260131_212718.json",
        "hashed_secret": "166d89baac6db3cffe0d07ab8ffdfcc6fc44185e",
        "is_verified": false,
        "line_number": 5804
      },
      {
        "type": "Hex High Entropy String",
        "filename": "docs/security/reports/trivy_backend_20260131_212718.json",
        "hashed_secret": "ccb21c4fbbbc7bb86be6c216e6c8d60abd0e174e",
        "is_verified": false,
        "line_number": 5845
      },
      {
        "type": "Hex High Entropy String",
        "filename": "docs/security/reports/trivy_backend_20260131_212718.json",
        "hashed_secret": "7002f2c598e54ceafda5545c6b32df5fd212ed9f",
        "is_verified": false,
        "line_number": 5893
      },
      {
        "type": "Hex High Entropy String",
        "filename": "docs/security/reports/trivy_backend_20260131_212718.json",
        "hashed_secret": "5f13e72fec326e404f27c6e3c4193dd13c5e2c2d",
        "is_verified": false,
        "line_number": 5935
      },
      {
        "type": "Hex High Entropy String",
        "filename": "docs/security/reports/trivy_backend_20260131_212718.json",
        "hashed_secret": "df995186bc6ae353e5291598d3158130e6800816",
        "is_verified": false,
        "line_number": 5989
      },
      {
        "type": "Hex High Entropy String",
        "filename": "docs/security/reports/trivy_backend_20260131_212718.json",
        "hashed_secret": "9a6d77e9e4496c682a7e35055f399a9d68d8fbb1",
        "is_verified": false,
        "line_number": 6046
      },
      {
        "type": "Hex High Entropy String",
        "filename": "docs/security/reports/trivy_backend_20260131_212718.json",
        "hashed_secret": "c3d3fe2183ff921d561b34eeb32304a8f3c789d0",
        "is_verified": false,
        "line_number": 6097
      },
      {
        "type": "Hex High Entropy String",
        "filename": "docs/security/reports/trivy_backend_20260131_212718.json",
        "hashed_secret": "8b0295de313e39964184118065375ee498418667",
        "is_verified": false,
        "line_number": 6132
      },
      {
        "type": "Hex High Entropy String",
        "filename": "docs/security/reports/trivy_backend_20260131_212718.json",
        "hashed_secret": "27e6900fea2fd2b78874d5e1fa88b9146e51647e",
        "is_verified": false,
        "line_number": 6169
      },
      {
        "type": "Hex High Entropy String",
        "filename": "docs/security/reports/trivy_backend_20260131_212718.json",
        "hashed_secret": "de50fdae2691204367a271928b2570a375d7d3ea",
        "is_verified": false,
        "line_number": 6202
      },
      {
        "type": "Hex High Entropy String",
        "filename": "docs/security/reports/trivy_backend_20260131_212718.json",
        "hashed_secret": "aaf31bf072b436a3d700ed360542be388102ce14",
        "is_verified": false,
        "line_number": 6243
      },
      {
        "type": "Hex High Entropy String",
        "filename": "docs/security/reports/trivy_backend_20260131_212718.json",
        "hashed_secret": "5588793aa43210288be9de92dd98c6b15a488443",
        "is_verified": false,
        "line_number": 6334
      },
      {
        "type": "Hex High Entropy String",
        "filename": "docs/security/reports/trivy_backend_20260131_212718.json",
        "hashed_secret": "b2a82cceede5e41a7d19cf7a006f3eac42892ce9",
        "is_verified": false,
        "line_number": 6373
      },
      {
        "type": "Hex High Entropy String",
        "filename": "docs/security/reports/trivy_backend_20260131_212718.json",
        "hashed_secret": "8ecbaee5597311cc22d9fb4d231b8d5aff95949f",
        "is_verified": false,
        "line_number": 6413
      },
      {
        "type": "Hex High Entropy String",
        "filename": "docs/security/reports/trivy_backend_20260131_212718.json",
        "hashed_secret": "9483b1c7e792011077ab994d65359a5d9cfb88c8",
        "is_verified": false,
        "line_number": 6459
      },
      {
        "type": "Hex High Entropy String",
        "filename": "docs/security/reports/trivy_backend_20260131_212718.json",
        "hashed_secret": "fd06cbb23821a6cae5f62be23b10426de8a7b3ce",
        "is_verified": false,
        "line_number": 6495
      },
      {
        "type": "Hex High Entropy String",
        "filename": "docs/security/reports/trivy_backend_20260131_212718.json",
        "hashed_secret": "03ffa3d1afa26006fb8b23bf4d3b76b00c5d57cd",
        "is_verified": false,
        "line_number": 6538
      },
      {
        "type": "Hex High Entropy String",
        "filename": "docs/security/reports/trivy_backend_20260131_212718.json",
        "hashed_secret": "f9b3e696391570e95e12a6a8189d062fbcd1f388",
        "is_verified": false,
        "line_number": 6579
      },
      {
        "type": "Hex High Entropy String",
        "filename": "docs/security/reports/trivy_backend_20260131_212718.json",
        "hashed_secret": "313771e16ddcf65f714b7a2f1b94c8316d7b7ce0",
        "is_verified": false,
        "line_number": 6617
      },
      {
        "type": "Hex High Entropy String",
        "filename": "docs/security/reports/trivy_backend_20260131_212718.json",
        "hashed_secret": "206eaff591ee84a1b9e73eccea2dd6847c0c6e0b",
        "is_verified": false,
        "line_number": 6714
      },
      {
        "type": "Hex High Entropy String",
        "filename": "docs/security/reports/trivy_backend_20260131_212718.json",
        "hashed_secret": "7142d1e78b2bf08b89ae1dcbffb1b9fa09bb16a4",
        "is_verified": false,
        "line_number": 6766
      },
      {
        "type": "Hex High Entropy String",
        "filename": "docs/security/reports/trivy_backend_20260131_212718.json",
        "hashed_secret": "7435869c9e90bd3667e4ea5486ed76a9ae6e45e2",
        "is_verified": false,
        "line_number": 6803
      },
      {
        "type": "Hex High Entropy String",
        "filename": "docs/security/reports/trivy_backend_20260131_212718.json",
        "hashed_secret": "db1fdf95f8620d27f5025f0e389469064033e8ac",
        "is_verified": false,
        "line_number": 6841
      },
      {
        "type": "Hex High Entropy String",
        "filename": "docs/security/reports/trivy_backend_20260131_212718.json",
        "hashed_secret": "e850575e40bf29218e61f8d7b42138b80d1ebdb0",
        "is_verified": false,
        "line_number": 6920
      },
      {
        "type": "Hex High Entropy String",
        "filename": "docs/security/reports/trivy_backend_20260131_212718.json",
        "hashed_secret": "60bac7324e012d47d4ebcc6e43770b5abd3cacbe",
        "is_verified": false,
        "line_number": 7017
      },
      {
        "type": "Hex High Entropy String",
        "filename": "docs/security/reports/trivy_backend_20260131_212718.json",
        "hashed_secret": "b93775c21705b5a6c08908c4f9cbb15c0fbbff2b",
        "is_verified": false,
        "line_number": 7085
      },
      {
        "type": "Hex High Entropy String",
        "filename": "docs/security/reports/trivy_backend_20260131_212718.json",
        "hashed_secret": "e77e42f3643c9e80d7e41fd00c0c5ae51649bd45",
        "is_verified": false,
        "line_number": 7166
      },
      {
        "type": "Hex High Entropy String",
        "filename": "docs/security/reports/trivy_backend_20260131_212718.json",
        "hashed_secret": "296cc7f3c36474d09f54160c25311051d72ddc00",
        "is_verified": false,
        "line_number": 7522
      },
      {
        "type": "Hex High Entropy String",
        "filename": "docs/security/reports/trivy_backend_20260131_212718.json",
        "hashed_secret": "a0b76944803af36cd6a89db834bd7dfe80b54bb9",
        "is_verified": false,
        "line_number": 7561
      },
      {
        "type": "Hex High Entropy String",
        "filename": "docs/security/reports/trivy_backend_20260131_212718.json",
        "hashed_secret": "829c81c55cb0567682a2a5b76b714d727e86b2ca",
        "is_verified": false,
        "line_number": 7934
      },
      {
        "type": "Hex High Entropy String",
        "filename": "docs/security/reports/trivy_backend_20260131_212718.json",
        "hashed_secret": "e0d9dd8d0ae4414cebb4db058714541f9ebaa725",
        "is_verified": false,
        "line_number": 8608
      },
      {
        "type": "Hex High Entropy String",
        "filename": "docs/security/reports/trivy_backend_20260131_212718.json",
        "hashed_secret": "5cd17e92f931b694f4acb17472c91d29e2bf41fd",
        "is_verified": false,
        "line_number": 8644
      },
      {
        "type": "Hex High Entropy String",
        "filename": "docs/security/reports/trivy_backend_20260131_212718.json",
        "hashed_secret": "e0eb9d69c8ef702b5785fc43623fc7ba31f7a623",
        "is_verified": false,
        "line_number": 8687
      },
      {
        "type": "Hex High Entropy String",
        "filename": "docs/security/reports/trivy_backend_20260131_212718.json",
        "hashed_secret": "b61e16de342af638bea8c0aebc4ec953baa7c9c0",
        "is_verified": false,
        "line_number": 8777
      },
      {
        "type": "Hex High Entropy String",
        "filename": "docs/security/reports/trivy_backend_20260131_212718.json",
        "hashed_secret": "7db3566638907777e2b1f05420b3291a0e0dfc2c",
        "is_verified": false,
        "line_number": 8822
      },
      {
        "type": "Hex High Entropy String",
        "filename": "docs/security/reports/trivy_backend_20260131_212718.json",
        "hashed_secret": "c30022d7f23cf508798f762e488e10b4dfc698d2",
        "is_verified": false,
        "line_number": 8959
      },
      {
        "type": "Hex High Entropy String",
        "filename": "docs/security/reports/trivy_backend_20260131_212718.json",
        "hashed_secret": "bbdad3343177d798af681f8937430b3ab6c81841",
        "is_verified": false,
        "line_number": 9439
      },
      {
        "type": "Hex High Entropy String",
        "filename": "docs/security/reports/trivy_backend_20260131_212718.json",
        "hashed_secret": "dc07f2e78ed961d86b3c8df3665a83ed7c74a628",
        "is_verified": false,
        "line_number": 9731
      },
      {
        "type": "Hex High Entropy String",
        "filename": "docs/security/reports/trivy_backend_20260131_212718.json",
        "hashed_secret": "71e2ae26542443f728d9585247222c7acaba4112",
        "is_verified": false,
        "line_number": 10339
      },
      {
        "type": "Hex High Entropy String",
        "filename": "docs/security/reports/trivy_backend_20260131_212718.json",
        "hashed_secret": "4f85b02601c94607255374f4846fd9cbc0442c6c",
        "is_verified": false,
        "line_number": 10356
      },
      {
        "type": "Hex High Entropy String",
        "filename": "docs/security/reports/trivy_backend_20260131_212718.json",
        "hashed_secret": "962447e1a211870a14b9018cbea734d3f1c89e06",
        "is_verified": false,
        "line_number": 10373
      },
      {
        "type": "Hex High Entropy String",
        "filename": "docs/security/reports/trivy_backend_20260131_212718.json",
        "hashed_secret": "1c15ccf5d6ee9de6ab68dbc7525ba1b66bb91ab0",
        "is_verified": false,
        "line_number": 10390
      },
      {
        "type": "Hex High Entropy String",
        "filename": "docs/security/reports/trivy_backend_20260131_212718.json",
        "hashed_secret": "0f623eb4756fe2ebb6e0fb8fc4014e5f69bc547e",
        "is_verified": false,
        "line_number": 10407
      },
      {
        "type": "Hex High Entropy String",
        "filename": "docs/security/reports/trivy_backend_20260131_212718.json",
        "hashed_secret": "394af229bfa9be8bdcaa59172644afb75c9a996d",
        "is_verified": false,
        "line_number": 10441
      },
      {
        "type": "Hex High Entropy String",
        "filename": "docs/security/reports/trivy_backend_20260131_212718.json",
        "hashed_secret": "d759eb94e594ef579cb098c45c482abe57c3152e",
        "is_verified": false,
        "line_number": 10458
      },
      {
        "type": "Hex High Entropy String",
        "filename": "docs/security/reports/trivy_backend_20260131_212718.json",
        "hashed_secret": "14b0d21e867baf96926e0800e1a196ea1e048a2e",
        "is_verified": false,
        "line_number": 10475
      },
      {
        "type": "Hex High Entropy String",
        "filename": "docs/security/reports/trivy_backend_20260131_212718.json",
        "hashed_secret": "daaa870f043bcbd106ae732b82094fd0a141bd0c",
        "is_verified": false,
        "line_number": 10492
      },
      {
        "type": "Hex High Entropy String",
        "filename": "docs/security/reports/trivy_backend_20260131_212718.json",
        "hashed_secret": "7de65ad0d7db3f82273ed763e19c4867e48ed325",
        "is_verified": false,
        "line_number": 10509
      },
      {
        "type": "Hex High Entropy String",
        "filename": "docs/security/reports/trivy_backend_20260131_212718.json",
        "hashed_secret": "3ba8623babaac593cca774eaf1a9525e7149af46",
        "is_verified": false,
        "line_number": 10526
      },
      {
        "type": "Hex High Entropy String",
        "filename": "docs/security/reports/trivy_backend_20260131_212718.json",
        "hashed_secret": "3f28d0e9fb8b1c61b126f3af6c7e19b42c18f425",
        "is_verified": false,
        "line_number": 10543
      },
      {
        "type": "Hex High Entropy String",
        "filename": "docs/security/reports/trivy_backend_20260131_212718.json",
        "hashed_secret": "644386317507464068b8de10d5988a4fcc501745",
        "is_verified": false,
        "line_number": 10560
      },
      {
        "type": "Hex High Entropy String",
        "filename": "docs/security/reports/trivy_backend_20260131_212718.json",
        "hashed_secret": "af969e0e8a608e55a11f3a1b50a64d3658473015",
        "is_verified": false,
        "line_number": 10577
      },
      {
        "type": "Hex High Entropy String",
        "filename": "docs/security/reports/trivy_backend_20260131_212718.json",
        "hashed_secret": "0481d2702c839f3be7d2806780132ed83bfc6881",
        "is_verified": false,
        "line_number": 10611
      },
      {
        "type": "Hex High Entropy String",
        "filename": "docs/security/reports/trivy_backend_20260131_212718.json",
        "hashed_secret": "2bb963dd99d8081a97cc7a799d518b488717843d",
        "is_verified": false,
        "line_number": 10628
      },
      {
        "type": "Hex High Entropy String",
        "filename": "docs/security/reports/trivy_backend_20260131_212718.json",
        "hashed_secret": "5e9126d98fc1c0494881797c80be05bb2f72feff",
        "is_verified": false,
        "line_number": 10645
      },
      {
        "type": "Hex High Entropy String",
        "filename": "docs/security/reports/trivy_backend_20260131_212718.json",
        "hashed_secret": "fe4a1ecdb69808d7d582c79461fde51728ee2a14",
        "is_verified": false,
        "line_number": 10662
      },
      {
        "type": "Hex High Entropy String",
        "filename": "docs/security/reports/trivy_backend_20260131_212718.json",
        "hashed_secret": "675e9bfb89f101ba01e0c4b62d0e5229c14ded3c",
        "is_verified": false,
        "line_number": 10679
      },
      {
        "type": "Hex High Entropy String",
        "filename": "docs/security/reports/trivy_backend_20260131_212718.json",
        "hashed_secret": "63794d5290e936c659eab2a5a6f470b0d2b27bd6",
        "is_verified": false,
        "line_number": 10696
      },
      {
        "type": "Hex High Entropy String",
        "filename": "docs/security/reports/trivy_backend_20260131_212718.json",
        "hashed_secret": "df1f9dcc4bf82fdd0aa5d5d42dad1b7fe350aa73",
        "is_verified": false,
        "line_number": 10713
      },
      {
        "type": "Hex High Entropy String",
        "filename": "docs/security/reports/trivy_backend_20260131_212718.json",
        "hashed_secret": "7983564ced2bd6a5ddf7624a55fa133b6b273d1b",
        "is_verified": false,
        "line_number": 10764
      },
      {
        "type": "Hex High Entropy String",
        "filename": "docs/security/reports/trivy_backend_20260131_212718.json",
        "hashed_secret": "0014900c5951eec3bfce4edd90dd1a4a91cc807e",
        "is_verified": false,
        "line_number": 10781
      },
      {
        "type": "Hex High Entropy String",
        "filename": "docs/security/reports/trivy_backend_20260131_212718.json",
        "hashed_secret": "9415106f5a84194a43209f85d07002b3dc2bbe32",
        "is_verified": false,
        "line_number": 10798
      },
      {
        "type": "Hex High Entropy String",
        "filename": "docs/security/reports/trivy_backend_20260131_212718.json",
        "hashed_secret": "25f9d1dbfd4d2b2e62d6a8ee9b1499d38698c7a5",
        "is_verified": false,
        "line_number": 10815
      },
      {
        "type": "Hex High Entropy String",
        "filename": "docs/security/reports/trivy_backend_20260131_212718.json",
        "hashed_secret": "04111450d6500c4e32c5497d99f4774fc3d0ba7e",
        "is_verified": false,
        "line_number": 10849
      },
      {
        "type": "Hex High Entropy String",
        "filename": "docs/security/reports/trivy_backend_20260131_212718.json",
        "hashed_secret": "35eb099f9ac9e0577a01feb340134747ef9d5bba",
        "is_verified": false,
        "line_number": 10867
      },
      {
        "type": "Hex High Entropy String",
        "filename": "docs/security/reports/trivy_backend_20260131_212718.json",
        "hashed_secret": "7cda7a0c5e895a7a1683d10b3b27f3bb6703e177",
        "is_verified": false,
        "line_number": 10884
      },
      {
        "type": "Hex High Entropy String",
        "filename": "docs/security/reports/trivy_backend_20260131_212718.json",
        "hashed_secret": "e1a8466484ce10d7b8b0ac1c61e7f9152e514b9a",
        "is_verified": false,
        "line_number": 10901
      },
      {
        "type": "Hex High Entropy String",
        "filename": "docs/security/reports/trivy_backend_20260131_212718.json",
        "hashed_secret": "e0f595ab2d55da77411cd259649ff4e67fa5effe",
        "is_verified": false,
        "line_number": 10918
      },
      {
        "type": "Hex High Entropy String",
        "filename": "docs/security/reports/trivy_backend_20260131_212718.json",
        "hashed_secret": "79824234dc8e4f13ba9acfc174a3fd6eb3b92411",
        "is_verified": false,
        "line_number": 10935
      },
      {
        "type": "Hex High Entropy String",
        "filename": "docs/security/reports/trivy_backend_20260131_212718.json",
        "hashed_secret": "cd2b024f295b05f3d87c9faa434a6d73c822a912",
        "is_verified": false,
        "line_number": 10952
      },
      {
        "type": "Hex High Entropy String",
        "filename": "docs/security/reports/trivy_backend_20260131_212718.json",
        "hashed_secret": "944c16905f665046f2b8444261702c39b35db593",
        "is_verified": false,
        "line_number": 10969
      },
      {
        "type": "Hex High Entropy String",
        "filename": "docs/security/reports/trivy_backend_20260131_212718.json",
        "hashed_secret": "5c10ff8ed451d5a03d1d3953e6de71752a0df65a",
        "is_verified": false,
        "line_number": 10986
      },
      {
        "type": "Hex High Entropy String",
        "filename": "docs/security/reports/trivy_backend_20260131_212718.json",
        "hashed_secret": "e9471eb9a6ac2cc0029d7e58cbd977ac5ae648c9",
        "is_verified": false,
        "line_number": 11020
      },
      {
        "type": "Hex High Entropy String",
        "filename": "docs/security/reports/trivy_backend_20260131_212718.json",
        "hashed_secret": "acdad81df76c6cd428d56839afc9dca143219ce8",
        "is_verified": false,
        "line_number": 11037
      },
      {
        "type": "Hex High Entropy String",
        "filename": "docs/security/reports/trivy_backend_20260131_212718.json",
        "hashed_secret": "8d8dabd2a8ce3c2f9fa15c129f2483ec633edf4d",
        "is_verified": false,
        "line_number": 11054
      },
      {
        "type": "Hex High Entropy String",
        "filename": "docs/security/reports/trivy_backend_20260131_212718.json",
        "hashed_secret": "ea3458d539ad38e30a9811a7db5deb48ff4f74b8",
        "is_verified": false,
        "line_number": 11071
      },
      {
        "type": "Hex High Entropy String",
        "filename": "docs/security/reports/trivy_backend_20260131_212718.json",
        "hashed_secret": "707950b1acd742932bcb62f6f9ec5117e3c05965",
        "is_verified": false,
        "line_number": 11085
      },
      {
        "type": "Hex High Entropy String",
        "filename": "docs/security/reports/trivy_backend_20260131_212718.json",
        "hashed_secret": "28a5ace447ed8955dad19e2fcbb4b153e2eb2e0b",
        "is_verified": false,
        "line_number": 11119
      },
      {
        "type": "Hex High Entropy String",
        "filename": "docs/security/reports/trivy_backend_20260131_212718.json",
        "hashed_secret": "a6aac108482873bcb2ec76cc87fa11a8b8b690bd",
        "is_verified": false,
        "line_number": 11136
      },
      {
        "type": "Hex High Entropy String",
        "filename": "docs/security/reports/trivy_backend_20260131_212718.json",
        "hashed_secret": "5f5ea2ede3a9c366570a5d4964b85b7502a778a4",
        "is_verified": false,
        "line_number": 11153
      },
      {
        "type": "Hex High Entropy String",
        "filename": "docs/security/reports/trivy_backend_20260131_212718.json",
        "hashed_secret": "03c95afa6fc323f6069bae3a8fb8fd823ee5a352",
        "is_verified": false,
        "line_number": 11170
      },
      {
        "type": "Hex High Entropy String",
        "filename": "docs/security/reports/trivy_backend_20260131_212718.json",
        "hashed_secret": "a8949a9a489eb6537a3ad4d37f258c98bbc5bd0b",
        "is_verified": false,
        "line_number": 11221
      },
      {
        "type": "Hex High Entropy String",
        "filename": "docs/security/reports/trivy_backend_20260131_212718.json",
        "hashed_secret": "6123b685a53cb4aec20f1ab1eb9fa4187c6f744c",
        "is_verified": false,
        "line_number": 11238
      },
      {
        "type": "Hex High Entropy String",
        "filename": "docs/security/reports/trivy_backend_20260131_212718.json",
        "hashed_secret": "592c8a170f18d4d03e8fc05e59de4fd050a24161",
        "is_verified": false,
        "line_number": 11255
      },
      {
        "type": "Hex High Entropy String",
        "filename": "docs/security/reports/trivy_backend_20260131_212718.json",
        "hashed_secret": "fc9e8722186cca80c202c97132340674f9cb99ed",
        "is_verified": false,
        "line_number": 11272
      },
      {
        "type": "Hex High Entropy String",
        "filename": "docs/security/reports/trivy_backend_20260131_212718.json",
        "hashed_secret": "b9fb027085873f66e802df2cb52254fb56df44d3",
        "is_verified": false,
        "line_number": 11289
      },
      {
        "type": "Hex High Entropy String",
        "filename": "docs/security/reports/trivy_backend_20260131_212718.json",
        "hashed_secret": "1e46568de88a11836b6ed2ae6e7379f57f73f703",
        "is_verified": false,
        "line_number": 11306
      },
      {
        "type": "Hex High Entropy String",
        "filename": "docs/security/reports/trivy_backend_20260131_212718.json",
        "hashed_secret": "528750cd2c2c7856660de40eeafa014a4ae7d6c3",
        "is_verified": false,
        "line_number": 11323
      },
      {
        "type": "Hex High Entropy String",
        "filename": "docs/security/reports/trivy_backend_20260131_212718.json",
        "hashed_secret": "a261a3cb3449a7d68791444f1e74c11866d6285a",
        "is_verified": false,
        "line_number": 11340
      },
      {
        "type": "Hex High Entropy String",
        "filename": "docs/security/reports/trivy_backend_20260131_212718.json",
        "hashed_secret": "90ed0ae65598e4f56b51b0faae625548d11671c6",
        "is_verified": false,
        "line_number": 11374
      },
      {
        "type": "Hex High Entropy String",
        "filename": "docs/security/reports/trivy_backend_20260131_212718.json",
        "hashed_secret": "305fd7b4465c84fd80cd1714fb58239f447bf9ff",
        "is_verified": false,
        "line_number": 11391
      },
      {
        "type": "Hex High Entropy String",
        "filename": "docs/security/reports/trivy_backend_20260131_212718.json",
        "hashed_secret": "a19f0b447550727a2473b24b29fbdab0e78f51ed",
        "is_verified": false,
        "line_number": 11408
      },
      {
        "type": "Hex High Entropy String",
        "filename": "docs/security/reports/trivy_backend_20260131_212718.json",
        "hashed_secret": "f79f49a2fdd7b95465db88322e28d3938c34f4cf",
        "is_verified": false,
        "line_number": 11425
      },
      {
        "type": "Hex High Entropy String",
        "filename": "docs/security/reports/trivy_backend_20260131_212718.json",
        "hashed_secret": "10ba45dcd06b23d264db405951803d23f7747a0a",
        "is_verified": false,
        "line_number": 11442
      },
      {
        "type": "Hex High Entropy String",
        "filename": "docs/security/reports/trivy_backend_20260131_212718.json",
        "hashed_secret": "574a634dd5421f9971f0b1e0709c901cb973b328",
        "is_verified": false,
        "line_number": 11459
      },
      {
        "type": "Hex High Entropy String",
        "filename": "docs/security/reports/trivy_backend_20260131_212718.json",
        "hashed_secret": "7eeadd444dc6bcb483b25acac49597c02f657c2a",
        "is_verified": false,
        "line_number": 11476
      },
      {
        "type": "Hex High Entropy String",
        "filename": "docs/security/reports/trivy_backend_20260131_212718.json",
        "hashed_secret": "8c9fc10d4b07ed9227d0a8344115795361206fa2",
        "is_verified": false,
        "line_number": 11493
      },
      {
        "type": "Hex High Entropy String",
        "filename": "docs/security/reports/trivy_backend_20260131_212718.json",
        "hashed_secret": "aeab1cbf2cb36c4ed16e37fb90a9beba014685db",
        "is_verified": false,
        "line_number": 11510
      },
      {
        "type": "Hex High Entropy String",
        "filename": "docs/security/reports/trivy_backend_20260131_212718.json",
        "hashed_secret": "ec7219bfd8085a9ba07661b524d73ba13c855cd3",
        "is_verified": false,
        "line_number": 11527
      },
      {
        "type": "Hex High Entropy String",
        "filename": "docs/security/reports/trivy_backend_20260131_212718.json",
        "hashed_secret": "2f43ba0d27f9126d764c575810f60e82dae2018c",
        "is_verified": false,
        "line_number": 11561
      },
      {
        "type": "Hex High Entropy String",
        "filename": "docs/security/reports/trivy_backend_20260131_212718.json",
        "hashed_secret": "58fb161a257843720b3fc855e101a77a1f296998",
        "is_verified": false,
        "line_number": 11595
      },
      {
        "type": "Hex High Entropy String",
        "filename": "docs/security/reports/trivy_backend_20260131_212718.json",
        "hashed_secret": "8c5722c5f27964cf7bddeb2cafae69142408df26",
        "is_verified": false,
        "line_number": 11613
      },
      {
        "type": "Hex High Entropy String",
        "filename": "docs/security/reports/trivy_backend_20260131_212718.json",
        "hashed_secret": "7aebfa6180953f96cb34e85454ab6a8ad7d62db3",
        "is_verified": false,
        "line_number": 11630
      },
      {
        "type": "Hex High Entropy String",
        "filename": "docs/security/reports/trivy_backend_20260131_212718.json",
        "hashed_secret": "22488a435e4876537c165c68a01835789d278d05",
        "is_verified": false,
        "line_number": 11647
      },
      {
        "type": "Hex High Entropy String",
        "filename": "docs/security/reports/trivy_backend_20260131_212718.json",
        "hashed_secret": "3abee2cf6e7f8241cc02c7dba728c2c2bf20c91f",
        "is_verified": false,
        "line_number": 11664
      },
      {
        "type": "Hex High Entropy String",
        "filename": "docs/security/reports/trivy_backend_20260131_212718.json",
        "hashed_secret": "f5f5bf7642e1b5acbb088db8af60a546e1538df5",
        "is_verified": false,
        "line_number": 11678
      },
      {
        "type": "Hex High Entropy String",
        "filename": "docs/security/reports/trivy_backend_20260131_212718.json",
        "hashed_secret": "28531a9810514e1732cd74e1918218033a89ff6d",
        "is_verified": false,
        "line_number": 11695
      },
      {
        "type": "Hex High Entropy String",
        "filename": "docs/security/reports/trivy_backend_20260131_212718.json",
        "hashed_secret": "e5d0ce252de8e562b9b262184cdec4063ea86f16",
        "is_verified": false,
        "line_number": 11712
      },
      {
        "type": "Hex High Entropy String",
        "filename": "docs/security/reports/trivy_backend_20260131_212718.json",
        "hashed_secret": "e2a9bec7de5ddde6dbfe94dd1771eb41b13cb57d",
        "is_verified": false,
        "line_number": 11729
      },
      {
        "type": "Hex High Entropy String",
        "filename": "docs/security/reports/trivy_backend_20260131_212718.json",
        "hashed_secret": "96b67f27d969a87e9f48472eac061124074a8843",
        "is_verified": false,
        "line_number": 11746
      },
      {
        "type": "Hex High Entropy String",
        "filename": "docs/security/reports/trivy_backend_20260131_212718.json",
        "hashed_secret": "3276f5e94a5fd99ec89aae13abb6fb22a175a98d",
        "is_verified": false,
        "line_number": 11763
      },
      {
        "type": "Hex High Entropy String",
        "filename": "docs/security/reports/trivy_backend_20260131_212718.json",
        "hashed_secret": "c758dc6d791307ed54022a1fff938147cea05971",
        "is_verified": false,
        "line_number": 11797
      },
      {
        "type": "Hex High Entropy String",
        "filename": "docs/security/reports/trivy_backend_20260131_212718.json",
        "hashed_secret": "f25d9e41910b919671283c4ffeea07ffd42ee8a4",
        "is_verified": false,
        "line_number": 11814
      },
      {
        "type": "Hex High Entropy String",
        "filename": "docs/security/reports/trivy_backend_20260131_212718.json",
        "hashed_secret": "230af1dc461245ef6b078bc1b786f673be6fc85e",
        "is_verified": false,
        "line_number": 11848
      },
      {
        "type": "Hex High Entropy String",
        "filename": "docs/security/reports/trivy_backend_20260131_212718.json",
        "hashed_secret": "7de81013641d03441855d73b914cb14efb9e27fe",
        "is_verified": false,
        "line_number": 11865
      },
      {
        "type": "Hex High Entropy String",
        "filename": "docs/security/reports/trivy_backend_20260131_212718.json",
        "hashed_secret": "b0aedc10eac64bc824b9ce299063830ad39c0f23",
        "is_verified": false,
        "line_number": 11882
      },
      {
        "type": "Hex High Entropy String",
        "filename": "docs/security/reports/trivy_backend_20260131_212718.json",
        "hashed_secret": "348d3ad746d47a5493063884aa8e4c1712a84aaf",
        "is_verified": false,
        "line_number": 11899
      },
      {
        "type": "Hex High Entropy String",
        "filename": "docs/security/reports/trivy_backend_20260131_212718.json",
        "hashed_secret": "f51277debde2b0ae1a470b02f1ffa4c2586a68c4",
        "is_verified": false,
        "line_number": 11916
      },
      {
        "type": "Hex High Entropy String",
        "filename": "docs/security/reports/trivy_backend_20260131_212718.json",
        "hashed_secret": "66f62571aac95c808363032614a7ec68d7eb8085",
        "is_verified": false,
        "line_number": 11933
      },
      {
        "type": "Hex High Entropy String",
        "filename": "docs/security/reports/trivy_backend_20260131_212718.json",
        "hashed_secret": "ae144a3ad61b93b5aba59652e999137cf5d648d3",
        "is_verified": false,
        "line_number": 11950
      },
      {
        "type": "Hex High Entropy String",
        "filename": "docs/security/reports/trivy_backend_20260131_212718.json",
        "hashed_secret": "0b4c0e15aabdaa782df7cbd57495296ea41be790",
        "is_verified": false,
        "line_number": 11967
      },
      {
        "type": "Hex High Entropy String",
        "filename": "docs/security/reports/trivy_backend_20260131_212718.json",
        "hashed_secret": "a62f0e67f74ebb0ff719fefcb465a70bbc6238da",
        "is_verified": false,
        "line_number": 11984
      },
      {
        "type": "Hex High Entropy String",
        "filename": "docs/security/reports/trivy_backend_20260131_212718.json",
        "hashed_secret": "874fe52d2e5286a67a590afbcaf1dcf763ffffbb",
        "is_verified": false,
        "line_number": 12001
      },
      {
        "type": "Hex High Entropy String",
        "filename": "docs/security/reports/trivy_backend_20260131_212718.json",
        "hashed_secret": "6af1e64d327cdf1e251f2d21981fe4ae677a28ab",
        "is_verified": false,
        "line_number": 12018
      },
      {
        "type": "Hex High Entropy String",
        "filename": "docs/security/reports/trivy_backend_20260131_212718.json",
        "hashed_secret": "1a7719afbe279fdedbd7f2107be0dac11f33d8c1",
        "is_verified": false,
        "line_number": 12053
      },
      {
        "type": "Hex High Entropy String",
        "filename": "docs/security/reports/trivy_backend_20260131_212718.json",
        "hashed_secret": "87e25d70ebe58b70370b3a9aba38dad26e60da49",
        "is_verified": false,
        "line_number": 12070
      },
      {
        "type": "Hex High Entropy String",
        "filename": "docs/security/reports/trivy_backend_20260131_212718.json",
        "hashed_secret": "650e3d37841905cde28a95665dfeaaaca22ae4a3",
        "is_verified": false,
        "line_number": 12087
      },
      {
        "type": "Hex High Entropy String",
        "filename": "docs/security/reports/trivy_backend_20260131_212718.json",
        "hashed_secret": "03ff80293998a40956b3d93f973920af826cf3ba",
        "is_verified": false,
        "line_number": 12104
      },
      {
        "type": "Hex High Entropy String",
        "filename": "docs/security/reports/trivy_backend_20260131_212718.json",
        "hashed_secret": "eb44433069c3d1f489e2486da66791710a335b9b",
        "is_verified": false,
        "line_number": 12121
      },
      {
        "type": "Hex High Entropy String",
        "filename": "docs/security/reports/trivy_backend_20260131_212718.json",
        "hashed_secret": "faba4f5b678591379c917ee9d08696de1eb5a636",
        "is_verified": false,
        "line_number": 12138
      },
      {
        "type": "Hex High Entropy String",
        "filename": "docs/security/reports/trivy_backend_20260131_212718.json",
        "hashed_secret": "d023be4b9a938eeccb330fb7cbef71578bfc4874",
        "is_verified": false,
        "line_number": 12155
      },
      {
        "type": "Hex High Entropy String",
        "filename": "docs/security/reports/trivy_backend_20260131_212718.json",
        "hashed_secret": "d66d1fb96961a69a079653bab00fac165536a31b",
        "is_verified": false,
        "line_number": 12169
      },
      {
        "type": "Hex High Entropy String",
        "filename": "docs/security/reports/trivy_backend_20260131_212718.json",
        "hashed_secret": "378dc0cc623d753da55c330e176e3b81c4c69661",
        "is_verified": false,
        "line_number": 12187
      },
      {
        "type": "Hex High Entropy String",
        "filename": "docs/security/reports/trivy_backend_20260131_212718.json",
        "hashed_secret": "582ff7fc5f92263f2f90bfb002ab8dfb437f9e53",
        "is_verified": false,
        "line_number": 12204
      },
      {
        "type": "Hex High Entropy String",
        "filename": "docs/security/reports/trivy_backend_20260131_212718.json",
        "hashed_secret": "3501193b679062cf8c902f590047f8cae392c2d4",
        "is_verified": false,
        "line_number": 12221
      },
      {
        "type": "Hex High Entropy String",
        "filename": "docs/security/reports/trivy_backend_20260131_212718.json",
        "hashed_secret": "842ab8fb161818b35d6c3b13bf79076fab66adf0",
        "is_verified": false,
        "line_number": 12238
      },
      {
        "type": "Hex High Entropy String",
        "filename": "docs/security/reports/trivy_backend_20260131_212718.json",
        "hashed_secret": "104424f8896d7b0cca2576c796cc4caa89abb4c8",
        "is_verified": false,
        "line_number": 12255
      },
      {
        "type": "Hex High Entropy String",
        "filename": "docs/security/reports/trivy_backend_20260131_212718.json",
        "hashed_secret": "a578519518cea145dd6b53c8be3bad90e764a035",
        "is_verified": false,
        "line_number": 12272
      },
      {
        "type": "Hex High Entropy String",
        "filename": "docs/security/reports/trivy_backend_20260131_212718.json",
        "hashed_secret": "0284c7ad8a9abc659da354bcfee79fcc922349bd",
        "is_verified": false,
        "line_number": 12289
      },
      {
        "type": "Hex High Entropy String",
        "filename": "docs/security/reports/trivy_backend_20260131_212718.json",
        "hashed_secret": "b4fa9c731f2c9dd453cd64078abcee26085f9f68",
        "is_verified": false,
        "line_number": 12306
      },
      {
        "type": "Hex High Entropy String",
        "filename": "docs/security/reports/trivy_backend_20260131_212718.json",
        "hashed_secret": "2017044faff9232b030d789ac5e80e192418e112",
        "is_verified": false,
        "line_number": 12323
      },
      {
        "type": "Hex High Entropy String",
        "filename": "docs/security/reports/trivy_backend_20260131_212718.json",
        "hashed_secret": "ef56cdfbc7b2ab70306141590bcbe8ae26cad354",
        "is_verified": false,
        "line_number": 12340
      },
      {
        "type": "Hex High Entropy String",
        "filename": "docs/security/reports/trivy_backend_20260131_212718.json",
        "hashed_secret": "0eb99887ac3b5c5dc3d951f2fa69342b277ec830",
        "is_verified": false,
        "line_number": 12357
      },
      {
        "type": "Hex High Entropy String",
        "filename": "docs/security/reports/trivy_backend_20260131_212718.json",
        "hashed_secret": "792fc460f680d2240a2a784479e7e2f48aecf9fc",
        "is_verified": false,
        "line_number": 12388
      },
      {
        "type": "Hex High Entropy String",
        "filename": "docs/security/reports/trivy_backend_20260131_212718.json",
        "hashed_secret": "c357f693bd1417785ce332f6d2be42d878bee419",
        "is_verified": false,
        "line_number": 12405
      },
      {
        "type": "Hex High Entropy String",
        "filename": "docs/security/reports/trivy_backend_20260131_212718.json",
        "hashed_secret": "9e474b67ed9c1a8a12a1089fe046feb0ff07e144",
        "is_verified": false,
        "line_number": 12422
      },
      {
        "type": "Hex High Entropy String",
        "filename": "docs/security/reports/trivy_backend_20260131_212718.json",
        "hashed_secret": "66f837fad31805477c44e22885da157b04ea767a",
        "is_verified": false,
        "line_number": 12439
      },
      {
        "type": "Hex High Entropy String",
        "filename": "docs/security/reports/trivy_backend_20260131_212718.json",
        "hashed_secret": "c8e08c4610b7c4151ab5e409dd2eff7eb82283c4",
        "is_verified": false,
        "line_number": 12456
      },
      {
        "type": "Hex High Entropy String",
        "filename": "docs/security/reports/trivy_backend_20260131_212718.json",
        "hashed_secret": "16d2e65030d86ea881342c43385a50af0591634e",
        "is_verified": false,
        "line_number": 12473
      },
      {
        "type": "Hex High Entropy String",
        "filename": "docs/security/reports/trivy_backend_20260131_212718.json",
        "hashed_secret": "331d03f84a0d5f9316fb7023cca54ffcfa8a7c76",
        "is_verified": false,
        "line_number": 12490
      },
      {
        "type": "Hex High Entropy String",
        "filename": "docs/security/reports/trivy_backend_20260131_212718.json",
        "hashed_secret": "64de491e8cc2aa67c13033d48ae75dc7a7106c42",
        "is_verified": false,
        "line_number": 12507
      },
      {
        "type": "Hex High Entropy String",
        "filename": "docs/security/reports/trivy_backend_20260131_212718.json",
        "hashed_secret": "25955ba9c702d42e7e2420aa37978957fae9a205",
        "is_verified": false,
        "line_number": 12524
      },
      {
        "type": "Hex High Entropy String",
        "filename": "docs/security/reports/trivy_backend_20260131_212718.json",
        "hashed_secret": "80801560350e5d2341b929d88dd40b9ffae3e923",
        "is_verified": false,
        "line_number": 12541
      },
      {
        "type": "Hex High Entropy String",
        "filename": "docs/security/reports/trivy_backend_20260131_212718.json",
        "hashed_secret": "4813d5616c6c2322c35c28022fe2667337a2e17a",
        "is_verified": false,
        "line_number": 12558
      },
      {
        "type": "Hex High Entropy String",
        "filename": "docs/security/reports/trivy_backend_20260131_212718.json",
        "hashed_secret": "44c37d7066aee3b570a317612e4c1e99e5ac0854",
        "is_verified": false,
        "line_number": 12575
      }
    ],
    "scripts/backup.sh": [
      {
        "type": "Basic Auth Credentials",
        "filename": "scripts/backup.sh",
        "hashed_secret": "5baa61e4c9b93f3f0682250b6cf8331b7ee68fd8",
        "is_verified": false,
        "line_number": 56
      }
    ],
    "scripts/migrate.sh": [
      {
        "type": "Basic Auth Credentials",
        "filename": "scripts/migrate.sh",
        "hashed_secret": "9d4e1e23bd5b727046a9e3b4b7db57bd8d6ee684",
        "is_verified": false,
        "line_number": 47
      }
    ],
    "tasks/communication/MESSAGE_TO_GUIDO_SECURITY_AUDIT_FEB1.md": [
      {
        "type": "Secret Keyword",
        "filename": "tasks/communication/MESSAGE_TO_GUIDO_SECURITY_AUDIT_FEB1.md",
        "hashed_secret": "1d278c7a5057bac15828468f030f52f07caf70bb",
        "is_verified": false,
        "line_number": 231
      }
    ],
    "tasks/devops/003-ci-cd-improvements.md": [
      {
        "type": "Basic Auth Credentials",
        "filename": "tasks/devops/003-ci-cd-improvements.md",
        "hashed_secret": "a94a8fe5ccb19ba61c4c0873d391e987982fbbd3",
        "is_verified": false,
        "line_number": 32
      }
    ],
    "tasks/devops/009-ci-cd-pipeline-enhancement.md": [
      {
        "type": "Basic Auth Credentials",
        "filename": "tasks/devops/009-ci-cd-pipeline-enhancement.md",
        "hashed_secret": "a94a8fe5ccb19ba61c4c0873d391e987982fbbd3",
        "is_verified": false,
        "line_number": 236
      }
    ],
    "tasks/devops/DATABASE_MIGRATION_STATUS.md": [
      {
        "type": "Secret Keyword",
        "filename": "tasks/devops/DATABASE_MIGRATION_STATUS.md",
        "hashed_secret": "08684e3d9b02d094d31e369da4ca94fde132c71b",
        "is_verified": false,
        "line_number": 29
      }
    ],
    "tasks/devops/DEVOPS_IMPROVEMENTS_AUDIT.md": [
      {
        "type": "Basic Auth Credentials",
        "filename": "tasks/devops/DEVOPS_IMPROVEMENTS_AUDIT.md",
        "hashed_secret": "a94a8fe5ccb19ba61c4c0873d391e987982fbbd3",
        "is_verified": false,
        "line_number": 78
      }
    ],
    "tasks/devops/GAUDI_ALERT_D001.md": [
      {
        "type": "Basic Auth Credentials",
        "filename": "tasks/devops/GAUDI_ALERT_D001.md",
        "hashed_secret": "564e340cd48437d2dfe876ee154cc99dc4d0d137",
        "is_verified": false,
        "line_number": 137
      }
    ],
    "tasks/devops/GAUDI_D001_QUICK_GUIDE.md": [
      {
        "type": "Basic Auth Credentials",
        "filename": "tasks/devops/GAUDI_D001_QUICK_GUIDE.md",
        "hashed_secret": "9d553536aaeaed6c542c3605a61aa4fc4b688470",
        "is_verified": false,
        "line_number": 32
      }
    ],
    "tasks/devops/GAUDI_URGENT_COMPLETE_D001.md": [
      {
        "type": "Basic Auth Credentials",
        "filename": "tasks/devops/GAUDI_URGENT_COMPLETE_D001.md",
        "hashed_secret": "9d553536aaeaed6c542c3605a61aa4fc4b688470",
        "is_verified": false,
        "line_number": 31
      }
    ],
    "tasks/devops/GAUDI_URGENT_D001.md": [
      {
        "type": "Basic Auth Credentials",
        "filename": "tasks/devops/GAUDI_URGENT_D001.md",
        "hashed_secret": "9d553536aaeaed6c542c3605a61aa4fc4b688470",
        "is_verified": false,
        "line_number": 17
      }
    ],
    "tasks/devops/KAREN_PERFORMANCE_FEEDBACK.md": [
      {
        "type": "Secret Keyword",
        "filename": "tasks/devops/KAREN_PERFORMANCE_FEEDBACK.md",
        "hashed_secret": "e65577932933e2f0b12ea46f61e6f582442e1c76",
        "is_verified": false,
        "line_number": 179
      }
    ],
    "tasks/devops/NEW_APPROACH_SUMMARY.md": [
      {
        "type": "Basic Auth Credentials",
        "filename": "tasks/devops/NEW_APPROACH_SUMMARY.md",
        "hashed_secret": "9d553536aaeaed6c542c3605a61aa4fc4b688470",
        "is_verified": false,
        "line_number": 164
      }
    ],
    "tests/performance/locustfile.py": [
      {
        "type": "Secret Keyword",
        "filename": "tests/performance/locustfile.py",
        "hashed_secret": "5a0aee0f3af308cd6d74d617fde6592c2bc94fa3",
        "is_verified": false,
        "line_number": 32
      }
    ]
  },
  "generated_at": "2026-02-01T02:54:37Z"
}
